<!-- angularTemplateStitch --><!-- angularTemplateStitch.template="test1/bar.html" --><div>
	Bar
</div>
<!-- angularTemplateStitch --><!-- angularTemplateStitch.template="test1/woot.html" --><div>
	Woot
</div>
