<!-- angularTemplateStitch --><!-- angularTemplateStitch.template="test2/bar.html" --><div>
	Bar
</div>
<!-- angularTemplateStitch --><!-- angularTemplateStitch.template="test2/foo.html" --><div>
	Foo
</div>
