<!-- angularTemplateStitch --><!-- angularTemplateStitch.template="test3/foo.html" --><div>
	Foo
</div>
<!-- angularTemplateStitch --><!-- angularTemplateStitch.template="test3/notHiddenDirectory/anotherSubFolder/dontForgetMe.html" --><div>
	Use me
</div>
<!-- angularTemplateStitch --><!-- angularTemplateStitch.template="test3/notHiddenDirectory/useMe.html" --><div>
	Use me
</div>
<!-- angularTemplateStitch --><!-- angularTemplateStitch.template="test3/woot.html" --><div>
	Woot
</div>
